// Jest Snapshot v1, https://goo.gl/fbAQLP

exports[`renders correctly 1`] = `
<div>
  <input
    type="hidden"
    value={undefined}
  />
  <button
    onClick={[Function]}
  >
    Stan przycisku: 
    NON
  </button>
</div>
`;
